2025-07-07 13:39:23,255 - [INFO] - conftest - Loading simple_login_data from: /Users/akash.mandanna/Documents/central-audit-automation/data/json/simple_login_data.json (conftest.py:66)
2025-07-07 13:39:23,255 - [INFO] - conftest - App environment config loaded: {'BASE_URL': None, 'API_BASE_URL': None, 'GRPC_SERVER_ADDRESS': None, 'DEFAULT_TIMEOUT': 10000, 'HEADLESS_MODE_CONFIG': True, 'DEFAULT_BROWSER_CONFIG': 'chromium', 'TRACE_MODE_CONFIG': 'on-first-retry'} (conftest.py:86)
2025-07-07 13:40:14,179 - [INFO] - conftest - Loading simple_login_data from: /Users/akash.mandanna/Documents/central-audit-automation/data/json/simple_login_data.json (conftest.py:66)
2025-07-07 13:40:14,180 - [INFO] - conftest - App environment config loaded: {'BASE_URL': None, 'API_BASE_URL': None, 'GRPC_SERVER_ADDRESS': None, 'DEFAULT_TIMEOUT': 10000, 'HEADLESS_MODE_CONFIG': True, 'DEFAULT_BROWSER_CONFIG': 'chromium', 'TRACE_MODE_CONFIG': 'on-first-retry'} (conftest.py:86)
2025-07-07 13:40:16,062 - [INFO] - conftest - Setting default page timeout to: 10000ms (conftest.py:42)
2025-07-07 13:40:16,063 - [INFO] - test_login - Starting test: TC_WEB_LOGIN_001 - Valid login for user harshit.agarwal@kjbnlabs.in (test_login.py:39)
2025-07-07 13:40:16,064 - [INFO] - core.pages.login.login_page - Navigating to login page: http://148.113.1.233/login (login_page.py:23)
2025-07-07 13:40:16,811 - [INFO] - core.base.base_page - Filling element 'input[placeholder="Enter your organization name"]' with value: 'Harshit' (base_page.py:35)
2025-07-07 13:40:16,865 - [INFO] - core.base.base_page - Filling element 'input[placeholder="ex. email@domain.com"]' with value: 'harshit.agarwal@kjbn...' (base_page.py:35)
2025-07-07 13:40:16,869 - [INFO] - core.base.base_page - Clicking element: //button[text()="Continue"] (base_page.py:26)
2025-07-07 13:40:17,001 - [INFO] - core.pages.login.login_page - Entered Org: 'Harshit', Email: 'harshit.agarwal@kjbnlabs.in' and clicked Continue. (login_page.py:33)
2025-07-07 13:40:17,097 - [INFO] - core.pages.login.login_page - Password input or error message became visible after first step. (login_page.py:37)
2025-07-07 13:40:17,097 - [INFO] - core.base.base_page - Checking visibility of element: input[placeholder="Password"] (base_page.py:60)
2025-07-07 13:40:17,098 - [WARNING] - core.pages.login.login_page - Password input not visible, cannot proceed with entering password during full login flow. Error might have occurred. (login_page.py:60)
2025-07-07 13:40:17,107 - [ERROR] - test_login - AssertionError: Did not navigate to home page. URL: http://148.113.1.233/login?step=2. Error: value must be a string or regular expression (test_login.py:52)
2025-07-07 13:40:17,176 - [INFO] - conftest - Setting default page timeout to: 10000ms (conftest.py:42)
2025-07-07 13:40:17,177 - [INFO] - test_login - Starting test: TC_WEB_LOGIN_002 - Invalid login attempt for user invalid@example.com (test_login.py:68)
2025-07-07 13:40:17,177 - [INFO] - core.pages.login.login_page - Navigating to login page: http://148.113.1.233/login (login_page.py:23)
2025-07-07 13:40:17,924 - [INFO] - core.base.base_page - Filling element 'input[placeholder="Enter your organization name"]' with value: 'test_org_invalid' (base_page.py:35)
2025-07-07 13:40:17,941 - [INFO] - core.base.base_page - Filling element 'input[placeholder="ex. email@domain.com"]' with value: 'invalid@example.com' (base_page.py:35)
2025-07-07 13:40:17,945 - [INFO] - core.base.base_page - Clicking element: //button[text()="Continue"] (base_page.py:26)
2025-07-07 13:40:18,066 - [INFO] - core.pages.login.login_page - Entered Org: 'test_org_invalid', Email: 'invalid@example.com' and clicked Continue. (login_page.py:33)
2025-07-07 13:40:23,072 - [WARNING] - core.pages.login.login_page - Neither password input nor error message appeared after first continue: Page.wait_for_selector: Timeout 5000ms exceeded.
Call log:
  - waiting for locator("input[placeholder=\"Password\"], p.bodySm:has-text(\"Failed to get authentication method. Please try again later.\")") to be visible
 (login_page.py:39)
2025-07-07 13:40:23,087 - [INFO] - core.base.base_page - Checking visibility of element: input[placeholder="Password"] (base_page.py:60)
2025-07-07 13:40:23,088 - [INFO] - test_login - Password input not visible after first step, error likely already displayed. (test_login.py:81)
2025-07-07 13:40:23,089 - [INFO] - core.pages.login.login_page - Providing locator for error message element. (login_page.py:73)
2025-07-07 13:40:28,093 - [ERROR] - test_login - AssertionError: Error message not visible or text mismatch. Error: Locator expected to be visible
Actual value: <element(s) not found> 
Call log:
  - Expect "to_be_visible" with timeout 5000ms
  - waiting for locator("p.bodySm:has-text(\"Failed to get authentication method. Please try again later.\")")
 (test_login.py:97)
2025-07-07 13:45:17,278 - [INFO] - conftest - Loading simple_login_data from: /Users/akash.mandanna/Documents/central-audit-automation/data/json/simple_login_data.json (conftest.py:66)
2025-07-07 13:45:17,278 - [INFO] - conftest - App environment config loaded: {'BASE_URL': None, 'API_BASE_URL': None, 'GRPC_SERVER_ADDRESS': None, 'DEFAULT_TIMEOUT': 10000, 'HEADLESS_MODE_CONFIG': True, 'DEFAULT_BROWSER_CONFIG': 'chromium', 'TRACE_MODE_CONFIG': 'on-first-retry'} (conftest.py:86)
2025-07-07 13:45:17,900 - [INFO] - conftest - Setting default page timeout to: 10000ms (conftest.py:42)
2025-07-07 13:45:17,901 - [INFO] - test_login - Starting test: TC_WEB_LOGIN_001 - Valid login for user harshit.agarwal@kjbnlabs.in (test_login.py:40)
2025-07-07 13:45:17,901 - [INFO] - core.pages.login.login_page - Navigating to login page: http://148.113.1.233/login (login_page.py:23)
2025-07-07 13:45:18,659 - [INFO] - core.base.base_page - Filling element 'input[placeholder="Enter your organization name"]' with value: 'Harshit' (base_page.py:35)
2025-07-07 13:45:18,701 - [INFO] - core.base.base_page - Filling element 'input[placeholder="ex. email@domain.com"]' with value: 'harshit.agarwal@kjbn...' (base_page.py:35)
2025-07-07 13:45:18,705 - [INFO] - core.base.base_page - Clicking element: //button[text()="Continue"] (base_page.py:26)
2025-07-07 13:45:18,789 - [INFO] - core.pages.login.login_page - Entered Org: 'Harshit', Email: 'harshit.agarwal@kjbnlabs.in' and clicked Continue. (login_page.py:33)
2025-07-07 13:45:18,915 - [INFO] - core.pages.login.login_page - Password input or error message became visible after first step. (login_page.py:37)
2025-07-07 13:45:18,916 - [INFO] - core.base.base_page - Checking visibility of element: input[placeholder="Password"] (base_page.py:60)
2025-07-07 13:45:18,916 - [WARNING] - core.pages.login.login_page - Password input not visible, cannot proceed with entering password during full login flow. Error might have occurred. (login_page.py:60)
2025-07-07 13:45:28,929 - [ERROR] - test_login - AssertionError: Did not navigate to home page. URL: http://148.113.1.233/login?step=2. Error: Page URL expected to be 're.compile('.*/home/?$')'
Actual value: http://148.113.1.233/login?step=2 
Call log:
  - Expect "to_have_url" with timeout 10000ms
  - waiting for locator(":root")
    14 × locator resolved to <html lang="en" dir="ltr" class="light">…</html>
       - unexpected value "http://148.113.1.233/login?step=2"
 (test_login.py:53)
2025-07-07 13:45:29,017 - [INFO] - conftest - Setting default page timeout to: 10000ms (conftest.py:42)
2025-07-07 13:45:29,017 - [INFO] - test_login - Starting test: TC_WEB_LOGIN_002 - Invalid login attempt for user invalid@example.com (test_login.py:69)
2025-07-07 13:45:29,017 - [INFO] - core.pages.login.login_page - Navigating to login page: http://148.113.1.233/login (login_page.py:23)
2025-07-07 13:45:29,746 - [INFO] - core.base.base_page - Filling element 'input[placeholder="Enter your organization name"]' with value: 'test_org_invalid' (base_page.py:35)
2025-07-07 13:45:29,762 - [INFO] - core.base.base_page - Filling element 'input[placeholder="ex. email@domain.com"]' with value: 'invalid@example.com' (base_page.py:35)
2025-07-07 13:45:29,764 - [INFO] - core.base.base_page - Clicking element: //button[text()="Continue"] (base_page.py:26)
2025-07-07 13:45:29,892 - [INFO] - core.pages.login.login_page - Entered Org: 'test_org_invalid', Email: 'invalid@example.com' and clicked Continue. (login_page.py:33)
2025-07-07 13:45:34,896 - [WARNING] - core.pages.login.login_page - Neither password input nor error message appeared after first continue: Page.wait_for_selector: Timeout 5000ms exceeded.
Call log:
  - waiting for locator("input[placeholder=\"Password\"], p.bodySm:has-text(\"Failed to get authentication method. Please try again later.\")") to be visible
 (login_page.py:39)
2025-07-07 13:45:34,912 - [INFO] - core.base.base_page - Checking visibility of element: input[placeholder="Password"] (base_page.py:60)
2025-07-07 13:45:34,913 - [INFO] - test_login - Password input not visible after first step, error likely already displayed. (test_login.py:82)
2025-07-07 13:45:34,914 - [INFO] - core.pages.login.login_page - Providing locator for error message element. (login_page.py:73)
2025-07-07 13:45:39,918 - [ERROR] - test_login - AssertionError: Error message not visible or text mismatch. Error: Locator expected to be visible
Actual value: <element(s) not found> 
Call log:
  - Expect "to_be_visible" with timeout 5000ms
  - waiting for locator("p.bodySm:has-text(\"Failed to get authentication method. Please try again later.\")")
 (test_login.py:98)
2025-07-07 13:47:40,415 - [INFO] - conftest - Loading simple_login_data from: /Users/akash.mandanna/Documents/central-audit-automation/data/json/simple_login_data.json (conftest.py:66)
2025-07-07 13:47:40,415 - [INFO] - conftest - App environment config loaded: {'BASE_URL': None, 'API_BASE_URL': None, 'GRPC_SERVER_ADDRESS': None, 'DEFAULT_TIMEOUT': 10000, 'HEADLESS_MODE_CONFIG': False, 'DEFAULT_BROWSER_CONFIG': 'chromium', 'TRACE_MODE_CONFIG': 'on-first-retry'} (conftest.py:86)
2025-07-07 13:47:41,117 - [INFO] - conftest - Setting default page timeout to: 10000ms (conftest.py:42)
2025-07-07 13:47:41,118 - [INFO] - test_login - Starting test: TC_WEB_LOGIN_001 - Valid login for user harshit.agarwal@kjbnlabs.in (test_login.py:40)
2025-07-07 13:47:41,118 - [INFO] - core.pages.login.login_page - Navigating to login page: http://148.113.1.233/login (login_page.py:23)
2025-07-07 13:47:41,940 - [INFO] - core.base.base_page - Filling element 'input[placeholder="Enter your organization name"]' with value: 'Harshit' (base_page.py:35)
2025-07-07 13:47:41,979 - [INFO] - core.base.base_page - Filling element 'input[placeholder="ex. email@domain.com"]' with value: 'harshit.agarwal@kjbn...' (base_page.py:35)
2025-07-07 13:47:41,984 - [INFO] - core.base.base_page - Clicking element: //button[text()="Continue"] (base_page.py:26)
2025-07-07 13:47:42,087 - [INFO] - core.pages.login.login_page - Entered Org: 'Harshit', Email: 'harshit.agarwal@kjbnlabs.in' and clicked Continue. (login_page.py:33)
2025-07-07 13:47:42,257 - [INFO] - core.pages.login.login_page - Password input or error message became visible after first step. (login_page.py:37)
2025-07-07 13:47:42,257 - [INFO] - core.base.base_page - Checking visibility of element: input[placeholder="Password"] (base_page.py:60)
2025-07-07 13:47:42,258 - [WARNING] - core.pages.login.login_page - Password input not visible, cannot proceed with entering password during full login flow. Error might have occurred. (login_page.py:60)
2025-07-07 13:47:52,269 - [ERROR] - test_login - AssertionError: Did not navigate to home page. URL: http://148.113.1.233/login?step=2. Error: Page URL expected to be 're.compile('.*/home/?$')'
Actual value: http://148.113.1.233/login?step=2 
Call log:
  - Expect "to_have_url" with timeout 10000ms
  - waiting for locator(":root")
    14 × locator resolved to <html lang="en" dir="ltr" class="light">…</html>
       - unexpected value "http://148.113.1.233/login?step=2"
 (test_login.py:53)
2025-07-07 13:47:52,348 - [INFO] - conftest - Setting default page timeout to: 10000ms (conftest.py:42)
2025-07-07 13:47:52,348 - [INFO] - test_login - Starting test: TC_WEB_LOGIN_002 - Invalid login attempt for user invalid@example.com (test_login.py:69)
2025-07-07 13:47:52,348 - [INFO] - core.pages.login.login_page - Navigating to login page: http://148.113.1.233/login (login_page.py:23)
2025-07-07 13:47:53,030 - [INFO] - core.base.base_page - Filling element 'input[placeholder="Enter your organization name"]' with value: 'test_org_invalid' (base_page.py:35)
2025-07-07 13:47:53,049 - [INFO] - core.base.base_page - Filling element 'input[placeholder="ex. email@domain.com"]' with value: 'invalid@example.com' (base_page.py:35)
2025-07-07 13:47:53,052 - [INFO] - core.base.base_page - Clicking element: //button[text()="Continue"] (base_page.py:26)
2025-07-07 13:47:53,171 - [INFO] - core.pages.login.login_page - Entered Org: 'test_org_invalid', Email: 'invalid@example.com' and clicked Continue. (login_page.py:33)
2025-07-07 13:47:58,179 - [WARNING] - core.pages.login.login_page - Neither password input nor error message appeared after first continue: Page.wait_for_selector: Timeout 5000ms exceeded.
Call log:
  - waiting for locator("input[placeholder=\"Password\"], p.bodySm:has-text(\"Failed to get authentication method. Please try again later.\")") to be visible
 (login_page.py:39)
2025-07-07 13:47:58,190 - [INFO] - core.base.base_page - Checking visibility of element: input[placeholder="Password"] (base_page.py:60)
2025-07-07 13:47:58,191 - [INFO] - test_login - Password input not visible after first step, error likely already displayed. (test_login.py:82)
2025-07-07 13:47:58,191 - [INFO] - core.pages.login.login_page - Providing locator for error message element. (login_page.py:73)
2025-07-07 13:48:03,195 - [ERROR] - test_login - AssertionError: Error message not visible or text mismatch. Error: Locator expected to be visible
Actual value: <element(s) not found> 
Call log:
  - Expect "to_be_visible" with timeout 5000ms
  - waiting for locator("p.bodySm:has-text(\"Failed to get authentication method. Please try again later.\")")
 (test_login.py:98)
2025-07-07 13:51:05,380 - [INFO] - conftest - Loading simple_login_data from: /Users/akash.mandanna/Documents/central-audit-automation/data/json/simple_login_data.json (conftest.py:67)
2025-07-07 13:51:05,380 - [INFO] - conftest - App environment config loaded: {'BASE_URL': None, 'API_BASE_URL': None, 'GRPC_SERVER_ADDRESS': None, 'DEFAULT_TIMEOUT': 10000, 'HEADLESS_MODE_CONFIG': False, 'DEFAULT_BROWSER_CONFIG': 'chromium', 'TRACE_MODE_CONFIG': 'on-first-retry'} (conftest.py:87)
2025-07-07 13:52:13,657 - [INFO] - conftest - Loading simple_login_data from: /Users/akash.mandanna/Documents/central-audit-automation/data/json/simple_login_data.json (conftest.py:66)
2025-07-07 13:52:13,658 - [INFO] - conftest - App environment config loaded: {'BASE_URL': None, 'API_BASE_URL': None, 'GRPC_SERVER_ADDRESS': None, 'DEFAULT_TIMEOUT': 10000, 'HEADLESS_MODE_CONFIG': False, 'DEFAULT_BROWSER_CONFIG': 'chromium', 'TRACE_MODE_CONFIG': 'on-first-retry'} (conftest.py:86)
2025-07-07 13:52:17,321 - [INFO] - conftest - Setting default page timeout to: 10000ms (conftest.py:42)
2025-07-07 13:52:17,322 - [INFO] - test_login - Starting test: TC_WEB_LOGIN_001 - Valid login for user harshit.agarwal@kjbnlabs.in (test_login.py:40)
2025-07-07 13:52:17,322 - [INFO] - core.pages.login.login_page - Navigating to login page: http://148.113.1.233/login (login_page.py:23)
2025-07-07 13:52:18,242 - [INFO] - core.base.base_page - Filling element 'input[placeholder="Enter your organization name"]' with value: 'Harshit' (base_page.py:35)
2025-07-07 13:52:18,266 - [INFO] - core.base.base_page - Filling element 'input[placeholder="ex. email@domain.com"]' with value: 'harshit.agarwal@kjbn...' (base_page.py:35)
2025-07-07 13:52:18,270 - [INFO] - core.base.base_page - Clicking element: //button[text()="Continue"] (base_page.py:26)
2025-07-07 13:52:18,514 - [INFO] - core.pages.login.login_page - Entered Org: 'Harshit', Email: 'harshit.agarwal@kjbnlabs.in' and clicked Continue. (login_page.py:33)
2025-07-07 13:52:18,564 - [INFO] - core.pages.login.login_page - Password input or error message became visible after first step. (login_page.py:37)
2025-07-07 13:52:18,565 - [INFO] - core.base.base_page - Checking visibility of element: input[placeholder="Password"] (base_page.py:60)
2025-07-07 13:52:18,565 - [WARNING] - core.pages.login.login_page - Password input not visible, cannot proceed with entering password during full login flow. Error might have occurred. (login_page.py:60)
2025-07-07 13:52:28,581 - [ERROR] - test_login - AssertionError: Did not navigate to home page. URL: http://148.113.1.233/login?step=2. Error: Page URL expected to be 're.compile('.*/home/?$')'
Actual value: http://148.113.1.233/login?step=2 
Call log:
  - Expect "to_have_url" with timeout 10000ms
  - waiting for locator(":root")
    14 × locator resolved to <html lang="en" dir="ltr" class="light">…</html>
       - unexpected value "http://148.113.1.233/login?step=2"
 (test_login.py:53)
2025-07-07 13:52:28,884 - [INFO] - conftest - Setting default page timeout to: 10000ms (conftest.py:42)
2025-07-07 13:52:28,885 - [INFO] - test_login - Starting test: TC_WEB_LOGIN_002 - Invalid login attempt for user invalid@example.com (test_login.py:69)
2025-07-07 13:52:28,885 - [INFO] - core.pages.login.login_page - Navigating to login page: http://148.113.1.233/login (login_page.py:23)
2025-07-07 13:52:29,874 - [INFO] - core.base.base_page - Filling element 'input[placeholder="Enter your organization name"]' with value: 'test_org_invalid' (base_page.py:35)
2025-07-07 13:52:29,888 - [INFO] - core.base.base_page - Filling element 'input[placeholder="ex. email@domain.com"]' with value: 'invalid@example.com' (base_page.py:35)
2025-07-07 13:52:29,891 - [INFO] - core.base.base_page - Clicking element: //button[text()="Continue"] (base_page.py:26)
2025-07-07 13:52:30,062 - [INFO] - core.pages.login.login_page - Entered Org: 'test_org_invalid', Email: 'invalid@example.com' and clicked Continue. (login_page.py:33)
2025-07-07 13:52:35,066 - [WARNING] - core.pages.login.login_page - Neither password input nor error message appeared after first continue: Page.wait_for_selector: Timeout 5000ms exceeded.
Call log:
  - waiting for locator("input[placeholder=\"Password\"], p.bodySm:has-text(\"Failed to get authentication method. Please try again later.\")") to be visible
 (login_page.py:39)
2025-07-07 13:52:35,083 - [INFO] - core.base.base_page - Checking visibility of element: input[placeholder="Password"] (base_page.py:60)
2025-07-07 13:52:35,085 - [INFO] - test_login - Password input not visible after first step, error likely already displayed. (test_login.py:82)
2025-07-07 13:52:35,086 - [INFO] - core.pages.login.login_page - Providing locator for error message element. (login_page.py:73)
2025-07-07 13:52:36,433 - [ERROR] - test_login - AssertionError: Error message not visible or text mismatch. Error: Locator expected to be visible
Actual value: <element(s) not found> 
Call log:
  - Expect "to_be_visible" with timeout 5000ms
  - waiting for locator("p.bodySm:has-text(\"Failed to get authentication method. Please try again later.\")")
 (test_login.py:98)
2025-07-07 15:23:13,922 - [INFO] - conftest - Loading simple_login_data from: /Users/akash.mandanna/Documents/central-audit-automation/data/json/simple_login_data.json (conftest.py:66)
2025-07-07 15:23:13,923 - [INFO] - conftest - App environment config loaded: {'BASE_URL': 'http://your-server-url.com', 'API_BASE_URL': None, 'GRPC_SERVER_ADDRESS': None, 'DEFAULT_TIMEOUT': 10000, 'HEADLESS_MODE_CONFIG': False, 'DEFAULT_BROWSER_CONFIG': 'chromium', 'TRACE_MODE_CONFIG': 'on-first-retry'} (conftest.py:86)
2025-07-07 15:23:15,458 - [INFO] - conftest - Setting default page timeout to: 10000ms (conftest.py:42)
2025-07-07 15:23:15,460 - [INFO] - test_login - Starting test: TC_WEB_LOGIN_001 - Valid login for user rocewif537@iamtile.com (test_login.py:40)
2025-07-07 15:23:15,461 - [INFO] - core.pages.login.login_page - Navigating to login page: http://148.113.1.233/login (login_page.py:23)
2025-07-07 15:23:16,665 - [INFO] - core.base.base_page - Filling element 'input[placeholder="Enter your organization name"]' with value: 'KJBN7' (base_page.py:35)
2025-07-07 15:23:16,692 - [INFO] - core.base.base_page - Filling element 'input[placeholder="ex. email@domain.com"]' with value: 'rocewif537@iamtile.c...' (base_page.py:35)
2025-07-07 15:23:16,698 - [INFO] - core.base.base_page - Clicking element: //button[text()="Continue"] (base_page.py:26)
2025-07-07 15:23:16,989 - [INFO] - core.pages.login.login_page - Entered Org: 'KJBN7', Email: 'rocewif537@iamtile.com' and clicked Continue. (login_page.py:33)
2025-07-07 15:23:17,056 - [INFO] - core.pages.login.login_page - Password input or error message became visible after first step. (login_page.py:37)
2025-07-07 15:23:17,056 - [INFO] - core.base.base_page - Checking visibility of element: input[placeholder="Password"] (base_page.py:60)
2025-07-07 15:23:17,056 - [WARNING] - core.pages.login.login_page - Password input not visible, cannot proceed with entering password during full login flow. Error might have occurred. (login_page.py:60)
2025-07-07 15:23:27,068 - [ERROR] - test_login - AssertionError: Did not navigate to home page. URL: http://148.113.1.233/login?step=2. Error: Page URL expected to be 're.compile('.*/home/?$')'
Actual value: http://148.113.1.233/login?step=2 
Call log:
  - Expect "to_have_url" with timeout 10000ms
  - waiting for locator(":root")
    14 × locator resolved to <html lang="en" dir="ltr" class="light">…</html>
       - unexpected value "http://148.113.1.233/login?step=2"
 (test_login.py:53)
2025-07-07 15:23:27,370 - [INFO] - conftest - Setting default page timeout to: 10000ms (conftest.py:42)
2025-07-07 15:23:27,371 - [INFO] - test_login - Starting test: TC_WEB_LOGIN_002 - Invalid login attempt for user invalid@example.com (test_login.py:69)
2025-07-07 15:23:27,371 - [INFO] - core.pages.login.login_page - Navigating to login page: http://148.113.1.233/login (login_page.py:23)
2025-07-07 15:23:28,419 - [INFO] - core.base.base_page - Filling element 'input[placeholder="Enter your organization name"]' with value: 'test_org_invalid' (base_page.py:35)
2025-07-07 15:23:28,435 - [INFO] - core.base.base_page - Filling element 'input[placeholder="ex. email@domain.com"]' with value: 'invalid@example.com' (base_page.py:35)
2025-07-07 15:23:28,438 - [INFO] - core.base.base_page - Clicking element: //button[text()="Continue"] (base_page.py:26)
2025-07-07 15:23:28,630 - [INFO] - core.pages.login.login_page - Entered Org: 'test_org_invalid', Email: 'invalid@example.com' and clicked Continue. (login_page.py:33)
2025-07-07 15:23:32,558 - [WARNING] - core.pages.login.login_page - Neither password input nor error message appeared after first continue: Page.wait_for_selector: Target page, context or browser has been closed
Call log:
  - waiting for locator("input[placeholder=\"Password\"], p.bodySm:has-text(\"Failed to get authentication method. Please try again later.\")") to be visible
 (login_page.py:39)
2025-07-07 15:34:36,712 - [INFO] - conftest - Loading simple_login_data from: /Users/akash.mandanna/Documents/central-audit-automation/data/json/simple_login_data.json (conftest.py:66)
2025-07-07 15:34:36,712 - [INFO] - conftest - App environment config loaded: {'BASE_URL': 'http://your-server-url.com', 'API_BASE_URL': None, 'GRPC_SERVER_ADDRESS': None, 'DEFAULT_TIMEOUT': 10000, 'HEADLESS_MODE_CONFIG': False, 'DEFAULT_BROWSER_CONFIG': 'chromium', 'TRACE_MODE_CONFIG': 'on-first-retry'} (conftest.py:86)
2025-07-07 15:34:38,302 - [INFO] - conftest - Setting default page timeout to: 10000ms (conftest.py:42)
2025-07-07 15:34:38,303 - [INFO] - test_login - Starting test: TC_WEB_LOGIN_001 - Valid login for user rocewif537@iamtile.com (test_login.py:40)
2025-07-07 15:34:38,303 - [INFO] - core.pages.login.login_page - Navigating to login page: http://148.113.1.233/login (login_page.py:21)
2025-07-07 15:34:39,937 - [INFO] - conftest - Setting default page timeout to: 10000ms (conftest.py:42)
2025-07-07 15:34:39,938 - [INFO] - test_login - Starting test: TC_WEB_LOGIN_002 - Invalid login attempt for user invalid@example.com (test_login.py:69)
2025-07-07 15:34:39,939 - [INFO] - core.pages.login.login_page - Navigating to login page: http://148.113.1.233/login (login_page.py:21)
2025-07-07 15:36:17,597 - [INFO] - conftest - Loading simple_login_data from: /Users/akash.mandanna/Documents/central-audit-automation/data/json/simple_login_data.json (conftest.py:66)
2025-07-07 15:36:17,597 - [INFO] - conftest - App environment config loaded: {'BASE_URL': 'http://your-server-url.com', 'API_BASE_URL': None, 'GRPC_SERVER_ADDRESS': None, 'DEFAULT_TIMEOUT': 10000, 'HEADLESS_MODE_CONFIG': False, 'DEFAULT_BROWSER_CONFIG': 'chromium', 'TRACE_MODE_CONFIG': 'on-first-retry'} (conftest.py:86)
2025-07-07 15:36:19,252 - [INFO] - conftest - Setting default page timeout to: 10000ms (conftest.py:42)
2025-07-07 15:36:19,257 - [INFO] - test_login - Starting test: TC_WEB_LOGIN_001 - Valid login for user rocewif537@iamtile.com (test_login.py:40)
2025-07-07 15:36:19,259 - [INFO] - core.pages.login.login_page - Navigating to login page: http://148.113.1.233/login (login_page.py:21)
2025-07-07 15:36:20,308 - [INFO] - core.base.base_page - Waiting for element to be visible: input[placeholder="Enter your organization name"] (base_page.py:78)
2025-07-07 15:36:20,330 - [INFO] - core.base.base_page - Filling element 'input[placeholder="Enter your organization name"]' with value: 'KJBN7' (base_page.py:35)
2025-07-07 15:36:20,340 - [INFO] - core.base.base_page - Filling element 'input[placeholder="ex. email@domain.com"]' with value: 'rocewif537@iamtile.c...' (base_page.py:35)
2025-07-07 15:36:20,345 - [INFO] - core.base.base_page - Clicking element: button:has-text("Continue") (base_page.py:26)
2025-07-07 15:36:20,578 - [INFO] - core.pages.login.login_page - Entered Org: 'KJBN7', Email: 'rocewif537@iamtile.com' and clicked Continue. (login_page.py:30)
2025-07-07 15:36:20,639 - [INFO] - core.pages.login.login_page - Password input or error message became visible. (login_page.py:38)
2025-07-07 15:36:20,640 - [INFO] - core.base.base_page - Checking visibility of element: input[placeholder="Password"] (base_page.py:60)
2025-07-07 15:36:20,640 - [WARNING] - core.pages.login.login_page - Password input not visible after entering org/email. (login_page.py:72)
2025-07-07 15:36:30,649 - [ERROR] - test_login - AssertionError: Did not navigate to home page. URL: http://148.113.1.233/login?step=2. Error: Page URL expected to be 're.compile('.*/home/?$')'
Actual value: http://148.113.1.233/login?step=2 
Call log:
  - Expect "to_have_url" with timeout 10000ms
  - waiting for locator(":root")
    14 × locator resolved to <html lang="en" dir="ltr" class="light">…</html>
       - unexpected value "http://148.113.1.233/login?step=2"
 (test_login.py:53)
2025-07-07 15:36:30,953 - [INFO] - conftest - Setting default page timeout to: 10000ms (conftest.py:42)
2025-07-07 15:36:30,954 - [INFO] - test_login - Starting test: TC_WEB_LOGIN_002 - Invalid login attempt for user invalid@example.com (test_login.py:69)
2025-07-07 15:36:30,954 - [INFO] - core.pages.login.login_page - Navigating to login page: http://148.113.1.233/login (login_page.py:21)
2025-07-07 15:36:32,490 - [INFO] - core.base.base_page - Waiting for element to be visible: input[placeholder="Enter your organization name"] (base_page.py:78)
2025-07-07 15:36:32,506 - [INFO] - core.base.base_page - Filling element 'input[placeholder="Enter your organization name"]' with value: 'test_org_invalid' (base_page.py:35)
2025-07-07 15:36:32,512 - [INFO] - core.base.base_page - Filling element 'input[placeholder="ex. email@domain.com"]' with value: 'invalid@example.com' (base_page.py:35)
2025-07-07 15:36:32,516 - [INFO] - core.base.base_page - Clicking element: button:has-text("Continue") (base_page.py:26)
2025-07-07 15:36:32,644 - [INFO] - core.pages.login.login_page - Entered Org: 'test_org_invalid', Email: 'invalid@example.com' and clicked Continue. (login_page.py:30)
2025-07-07 15:38:56,504 - [INFO] - conftest - Loading simple_login_data from: /Users/akash.mandanna/Documents/central-audit-automation/data/json/simple_login_data.json (conftest.py:66)
2025-07-07 15:38:56,505 - [INFO] - conftest - App environment config loaded: {'BASE_URL': 'http://your-server-url.com', 'API_BASE_URL': None, 'GRPC_SERVER_ADDRESS': None, 'DEFAULT_TIMEOUT': 10000, 'HEADLESS_MODE_CONFIG': False, 'DEFAULT_BROWSER_CONFIG': 'chromium', 'TRACE_MODE_CONFIG': 'on-first-retry'} (conftest.py:86)
2025-07-07 15:38:58,089 - [INFO] - conftest - Setting default page timeout to: 10000ms (conftest.py:42)
2025-07-07 15:38:58,091 - [INFO] - test_login - Starting test: TC_WEB_LOGIN_001 - Valid login for user rocewif537@iamtile.com (test_login.py:40)
2025-07-07 15:38:58,092 - [INFO] - core.pages.login.login_page - Navigating to login page: http://148.113.1.233/login (login_page.py:23)
2025-07-07 15:38:59,194 - [INFO] - core.base.base_page - Waiting for element to be visible: input[placeholder="Enter your organization name"] (base_page.py:78)
2025-07-07 15:38:59,220 - [INFO] - core.base.base_page - Filling element 'input[placeholder="Enter your organization name"]' with value: 'KJBN7' (base_page.py:35)
2025-07-07 15:38:59,232 - [INFO] - core.base.base_page - Filling element 'input[placeholder="ex. email@domain.com"]' with value: 'rocewif537@iamtile.c...' (base_page.py:35)
2025-07-07 15:38:59,237 - [INFO] - core.base.base_page - Clicking element: button:has-text("Continue") (base_page.py:26)
2025-07-07 15:38:59,450 - [INFO] - core.pages.login.login_page - Entered Org: 'KJBN7', Email: 'rocewif537@iamtile.com' and clicked Continue. (login_page.py:32)
2025-07-07 15:38:59,510 - [INFO] - core.pages.login.login_page - Password input or error message became visible after first step. (login_page.py:39)
2025-07-07 15:38:59,510 - [INFO] - core.base.base_page - Waiting for element to be visible: input[placeholder="Password"] (base_page.py:78)
2025-07-07 15:38:59,514 - [INFO] - core.base.base_page - Waiting for element to be visible: input[placeholder="Password"] (base_page.py:78)
2025-07-07 15:38:59,517 - [INFO] - core.base.base_page - Filling element 'input[placeholder="Password"]' with value: '****' (base_page.py:35)
2025-07-07 15:38:59,520 - [INFO] - core.base.base_page - Clicking element: button:has-text("Continue") (base_page.py:26)
2025-07-07 15:38:59,905 - [INFO] - core.pages.login.login_page - Entered password and clicked Continue. (login_page.py:49)
2025-07-07 15:39:00,684 - [INFO] - test_login - Successfully navigated to the home page. (test_login.py:51)
2025-07-07 15:39:00,985 - [INFO] - conftest - Setting default page timeout to: 10000ms (conftest.py:42)
2025-07-07 15:39:00,986 - [INFO] - test_login - Starting test: TC_WEB_LOGIN_002 - Invalid login attempt for user invalid@example.com (test_login.py:69)
2025-07-07 15:39:00,986 - [INFO] - core.pages.login.login_page - Navigating to login page: http://148.113.1.233/login (login_page.py:23)
2025-07-07 15:39:01,982 - [INFO] - core.base.base_page - Waiting for element to be visible: input[placeholder="Enter your organization name"] (base_page.py:78)
2025-07-07 15:39:01,997 - [INFO] - core.base.base_page - Filling element 'input[placeholder="Enter your organization name"]' with value: 'test_org_invalid' (base_page.py:35)
2025-07-07 15:39:02,004 - [INFO] - core.base.base_page - Filling element 'input[placeholder="ex. email@domain.com"]' with value: 'invalid@example.com' (base_page.py:35)
2025-07-07 15:39:02,006 - [INFO] - core.base.base_page - Clicking element: button:has-text("Continue") (base_page.py:26)
2025-07-07 15:39:02,158 - [INFO] - core.pages.login.login_page - Entered Org: 'test_org_invalid', Email: 'invalid@example.com' and clicked Continue. (login_page.py:32)
2025-07-07 15:39:09,164 - [WARNING] - core.pages.login.login_page - Neither password input nor error message appeared after first continue: Page.wait_for_selector: Timeout 7000ms exceeded.
Call log:
  - waiting for locator("input[placeholder=\"Password\"], p.bodySm:has-text(\"Failed to get authentication method. Please try again later.\")") to be visible
 (login_page.py:41)
2025-07-07 15:39:09,181 - [INFO] - core.base.base_page - Checking visibility of element: input[placeholder="Password"] (base_page.py:60)
2025-07-07 15:39:09,182 - [INFO] - test_login - Password input not visible after first step, error likely already displayed. (test_login.py:82)
2025-07-07 15:39:09,183 - [INFO] - core.pages.login.login_page - Providing locator for error message element. (login_page.py:69)
2025-07-07 15:39:14,188 - [ERROR] - test_login - AssertionError: Error message not visible or text mismatch. Error: Locator expected to be visible
Actual value: <element(s) not found> 
Call log:
  - Expect "to_be_visible" with timeout 5000ms
  - waiting for locator("p.bodySm:has-text(\"Failed to get authentication method. Please try again later.\")")
 (test_login.py:98)
2025-07-07 15:44:24,690 - [INFO] - conftest - Loading simple_login_data from: /Users/akash.mandanna/Documents/central-audit-automation/data/json/simple_login_data.json (conftest.py:66)
2025-07-07 15:44:24,690 - [INFO] - conftest - App environment config loaded: {'BASE_URL': 'http://your-server-url.com', 'API_BASE_URL': None, 'GRPC_SERVER_ADDRESS': None, 'DEFAULT_TIMEOUT': 10000, 'HEADLESS_MODE_CONFIG': False, 'DEFAULT_BROWSER_CONFIG': 'chromium', 'TRACE_MODE_CONFIG': 'on-first-retry'} (conftest.py:86)
2025-07-07 15:44:26,175 - [INFO] - conftest - Setting default page timeout to: 10000ms (conftest.py:42)
2025-07-07 15:44:26,176 - [INFO] - test_login - Starting test: TC_WEB_LOGIN_001 - Valid login for user rocewif537@iamtile.com (test_login.py:40)
2025-07-07 15:44:26,177 - [INFO] - core.pages.login.login_page - Navigating to login page: http://148.113.1.233/login (login_page.py:23)
2025-07-07 15:44:27,109 - [INFO] - core.base.base_page - Waiting for element to be visible: input[placeholder="Enter your organization name"] (base_page.py:78)
2025-07-07 15:44:27,133 - [INFO] - core.base.base_page - Filling element 'input[placeholder="Enter your organization name"]' with value: 'KJBN7' (base_page.py:35)
2025-07-07 15:44:27,147 - [INFO] - core.base.base_page - Filling element 'input[placeholder="ex. email@domain.com"]' with value: 'rocewif537@iamtile.c...' (base_page.py:35)
2025-07-07 15:44:27,154 - [INFO] - core.base.base_page - Clicking element: button:has-text("Continue") (base_page.py:26)
2025-07-07 15:44:27,302 - [INFO] - core.pages.login.login_page - Entered Org: 'KJBN7', Email: 'rocewif537@iamtile.com' and clicked Continue. (login_page.py:32)
2025-07-07 15:44:27,400 - [INFO] - core.pages.login.login_page - Password input or error message became visible after first step. (login_page.py:39)
2025-07-07 15:44:27,400 - [INFO] - core.base.base_page - Waiting for element to be visible: input[placeholder="Password"] (base_page.py:78)
2025-07-07 15:44:27,404 - [INFO] - core.base.base_page - Waiting for element to be visible: input[placeholder="Password"] (base_page.py:78)
2025-07-07 15:44:27,407 - [INFO] - core.base.base_page - Filling element 'input[placeholder="Password"]' with value: '****' (base_page.py:35)
2025-07-07 15:44:27,410 - [INFO] - core.base.base_page - Clicking element: button:has-text("Continue") (base_page.py:26)
2025-07-07 15:44:27,749 - [INFO] - core.pages.login.login_page - Entered password and clicked Continue. (login_page.py:49)
2025-07-07 15:44:28,489 - [INFO] - test_login - Successfully navigated to the home page. (test_login.py:51)
2025-07-07 15:44:28,769 - [INFO] - conftest - Setting default page timeout to: 10000ms (conftest.py:42)
2025-07-07 15:44:28,770 - [INFO] - test_login - Starting test: TC_WEB_LOGIN_002 - Invalid login attempt for user invalid@example.com (test_login.py:69)
2025-07-07 15:44:28,770 - [INFO] - core.pages.login.login_page - Navigating to login page: http://148.113.1.233/login (login_page.py:23)
2025-07-07 15:44:29,677 - [INFO] - core.base.base_page - Waiting for element to be visible: input[placeholder="Enter your organization name"] (base_page.py:78)
2025-07-07 15:44:29,695 - [INFO] - core.base.base_page - Filling element 'input[placeholder="Enter your organization name"]' with value: 'test_org_invalid' (base_page.py:35)
2025-07-07 15:44:29,702 - [INFO] - core.base.base_page - Filling element 'input[placeholder="ex. email@domain.com"]' with value: 'invalid@example.com' (base_page.py:35)
2025-07-07 15:44:29,706 - [INFO] - core.base.base_page - Clicking element: button:has-text("Continue") (base_page.py:26)
2025-07-07 15:44:29,886 - [INFO] - core.pages.login.login_page - Entered Org: 'test_org_invalid', Email: 'invalid@example.com' and clicked Continue. (login_page.py:32)
2025-07-07 15:44:36,891 - [WARNING] - core.pages.login.login_page - Neither password input nor error message appeared after first continue: Page.wait_for_selector: Timeout 7000ms exceeded.
Call log:
  - waiting for locator("input[placeholder=\"Password\"], p.bodySm:has-text(\"Failed to get authentication method. Please try again later.\")") to be visible
    - waiting for" http://148.113.1.233/login" navigation to finish...
    - navigated to "http://148.113.1.233/login"
 (login_page.py:41)
2025-07-07 15:44:36,909 - [INFO] - core.base.base_page - Checking visibility of element: input[placeholder="Password"] (base_page.py:60)
2025-07-07 15:44:36,910 - [INFO] - test_login - Password input not visible after first step, error likely already displayed. (test_login.py:82)
2025-07-07 15:44:36,910 - [INFO] - core.pages.login.login_page - Providing locator for error message element. (login_page.py:69)
2025-07-07 15:44:36,917 - [ERROR] - test_login - AssertionError: Error message not visible or text mismatch. Error: Error message text mismatch. Expected to contain 'Failed to get authentication method', got 'Please enter valid credentials'
assert 'Failed to get authentication method' in 'Please enter valid credentials' (test_login.py:98)
2025-07-07 15:51:35,835 - [INFO] - conftest - Loading simple_login_data from: /Users/akash.mandanna/Documents/central-audit-automation/data/json/simple_login_data.json (conftest.py:66)
2025-07-07 15:51:35,835 - [INFO] - conftest - App environment config loaded: {'BASE_URL': 'http://your-server-url.com', 'API_BASE_URL': None, 'GRPC_SERVER_ADDRESS': None, 'DEFAULT_TIMEOUT': 10000, 'HEADLESS_MODE_CONFIG': False, 'DEFAULT_BROWSER_CONFIG': 'chromium', 'TRACE_MODE_CONFIG': 'on-first-retry'} (conftest.py:86)
2025-07-07 15:51:37,330 - [INFO] - conftest - Setting default page timeout to: 10000ms (conftest.py:42)
2025-07-07 15:51:37,333 - [INFO] - test_login - Starting test: TC_WEB_LOGIN_001 - Valid login for user rocewif537@iamtile.com (test_login.py:40)
2025-07-07 15:51:37,334 - [INFO] - core.pages.login.login_page - Navigating to login page: http://148.113.1.233/login (login_page.py:23)
2025-07-07 15:51:38,456 - [INFO] - core.base.base_page - Waiting for element to be visible: input[placeholder="Enter your organization name"] (base_page.py:78)
2025-07-07 15:51:38,477 - [INFO] - core.base.base_page - Filling element 'input[placeholder="Enter your organization name"]' with value: 'KJBN7' (base_page.py:35)
2025-07-07 15:51:38,488 - [INFO] - core.base.base_page - Filling element 'input[placeholder="ex. email@domain.com"]' with value: 'rocewif537@iamtile.c...' (base_page.py:35)
2025-07-07 15:51:38,496 - [INFO] - core.base.base_page - Clicking element: button:has-text("Continue") (base_page.py:26)
2025-07-07 15:51:38,647 - [INFO] - core.pages.login.login_page - Entered Org: 'KJBN7', Email: 'rocewif537@iamtile.com' and clicked Continue. (login_page.py:32)
2025-07-07 15:51:38,757 - [INFO] - core.pages.login.login_page - Password input or error message became visible after first step. (login_page.py:39)
2025-07-07 15:51:38,757 - [INFO] - core.base.base_page - Waiting for element to be visible: input[placeholder="Password"] (base_page.py:78)
2025-07-07 15:51:38,761 - [INFO] - core.base.base_page - Waiting for element to be visible: input[placeholder="Password"] (base_page.py:78)
2025-07-07 15:51:38,763 - [INFO] - core.base.base_page - Filling element 'input[placeholder="Password"]' with value: '****' (base_page.py:35)
2025-07-07 15:51:38,766 - [INFO] - core.base.base_page - Clicking element: button:has-text("Continue") (base_page.py:26)
2025-07-07 15:51:39,110 - [INFO] - core.pages.login.login_page - Entered password and clicked Continue. (login_page.py:49)
2025-07-07 15:51:39,817 - [INFO] - test_login - Successfully navigated to the home page. (test_login.py:51)
2025-07-07 15:51:40,099 - [INFO] - conftest - Setting default page timeout to: 10000ms (conftest.py:42)
2025-07-07 15:51:40,101 - [INFO] - test_login - Starting test: TC_WEB_LOGIN_002 - Invalid login attempt for user invalid@example.com (test_login.py:69)
2025-07-07 15:51:40,101 - [INFO] - core.pages.login.login_page - Navigating to login page: http://148.113.1.233/login (login_page.py:23)
2025-07-07 15:51:41,125 - [INFO] - core.base.base_page - Waiting for element to be visible: input[placeholder="Enter your organization name"] (base_page.py:78)
2025-07-07 15:51:41,141 - [INFO] - core.base.base_page - Filling element 'input[placeholder="Enter your organization name"]' with value: 'test_org_invalid' (base_page.py:35)
2025-07-07 15:51:41,147 - [INFO] - core.base.base_page - Filling element 'input[placeholder="ex. email@domain.com"]' with value: 'invalid@example.com' (base_page.py:35)
2025-07-07 15:51:41,151 - [INFO] - core.base.base_page - Clicking element: button:has-text("Continue") (base_page.py:26)
2025-07-07 15:51:41,325 - [INFO] - core.pages.login.login_page - Entered Org: 'test_org_invalid', Email: 'invalid@example.com' and clicked Continue. (login_page.py:32)
2025-07-07 15:51:48,329 - [WARNING] - core.pages.login.login_page - Neither password input nor error message appeared after first continue: Page.wait_for_selector: Timeout 7000ms exceeded.
Call log:
  - waiting for locator("input[placeholder=\"Password\"], p.bodySm:has-text(\"Failed to get authentication method. Please try again later.\")") to be visible
 (login_page.py:41)
2025-07-07 15:51:48,342 - [INFO] - core.base.base_page - Checking visibility of element: input[placeholder="Password"] (base_page.py:60)
2025-07-07 15:51:48,343 - [INFO] - test_login - Password input not visible after first step, error likely already displayed. (test_login.py:82)
2025-07-07 15:51:48,343 - [INFO] - core.pages.login.login_page - Providing locator for error message element. (login_page.py:69)
2025-07-07 15:51:48,350 - [INFO] - test_login - Error message visible and content verified: 'Please enter valid credentials' (test_login.py:98)
2025-07-07 15:51:48,353 - [INFO] - test_login - User correctly remained on the login page. (test_login.py:110)
2025-07-08 12:01:18,154 - [INFO] - conftest - Setting default page timeout to: 10000ms (conftest.py:42)
2025-07-08 12:04:35,007 - [INFO] - conftest - Setting default page timeout to: 10000ms (conftest.py:43)
2025-07-08 12:04:35,010 - [INFO] - conftest - Logging in for test validation screen... (conftest.py:92)
2025-07-08 12:04:35,011 - [INFO] - core.pages.login.login_page - Navigating to login page: http://148.113.1.233/login (login_page.py:23)
2025-07-08 12:04:38,281 - [INFO] - core.base.base_page - Waiting for element to be visible: input[placeholder="Enter your organization name"] (base_page.py:78)
2025-07-08 12:04:38,306 - [INFO] - core.pages.login.login_page - Navigating to login page: http://148.113.1.233/login (login_page.py:23)
2025-07-08 12:04:39,190 - [INFO] - core.base.base_page - Waiting for element to be visible: input[placeholder="Enter your organization name"] (base_page.py:78)
2025-07-08 12:04:39,213 - [INFO] - core.base.base_page - Filling element 'input[placeholder="Enter your organization name"]' with value: 'KJBN7' (base_page.py:35)
2025-07-08 12:04:39,225 - [INFO] - core.base.base_page - Filling element 'input[placeholder="ex. email@domain.com"]' with value: 'rocewif537@iamtile.c...' (base_page.py:35)
2025-07-08 12:04:39,231 - [INFO] - core.base.base_page - Clicking element: button:has-text("Continue") (base_page.py:26)
2025-07-08 12:04:39,442 - [INFO] - core.pages.login.login_page - Entered Org: 'KJBN7', Email: 'rocewif537@iamtile.com' and clicked Continue. (login_page.py:32)
2025-07-08 12:04:39,805 - [INFO] - core.pages.login.login_page - Password input or error message became visible after first step. (login_page.py:39)
2025-07-08 12:04:39,805 - [INFO] - core.base.base_page - Waiting for element to be visible: input[placeholder="Password"] (base_page.py:78)
2025-07-08 12:04:39,813 - [INFO] - core.base.base_page - Waiting for element to be visible: input[placeholder="Password"] (base_page.py:78)
2025-07-08 12:04:39,816 - [INFO] - core.base.base_page - Filling element 'input[placeholder="Password"]' with value: '****' (base_page.py:35)
2025-07-08 12:04:39,822 - [INFO] - core.base.base_page - Clicking element: button:has-text("Continue") (base_page.py:26)
2025-07-08 12:04:40,890 - [INFO] - core.pages.login.login_page - Entered password and clicked Continue. (login_page.py:49)
2025-07-08 12:11:02,671 - [INFO] - conftest - Setting default page timeout to: 10000ms (conftest.py:43)
2025-07-08 12:11:02,672 - [INFO] - conftest - Logging in for test validation screen... (conftest.py:92)
2025-07-08 12:11:02,672 - [INFO] - core.pages.login.login_page - Navigating to login page: http://148.113.1.233/login (login_page.py:23)
2025-07-08 12:11:24,223 - [INFO] - conftest - Setting default page timeout to: 10000ms (conftest.py:43)
2025-07-08 12:11:24,224 - [INFO] - conftest - Logging in for test validation screen... (conftest.py:92)
2025-07-08 12:11:24,224 - [INFO] - core.pages.login.login_page - Navigating to login page: http://148.113.1.233/login (login_page.py:23)
2025-07-08 12:13:51,481 - [INFO] - conftest - Setting default page timeout to: 20000ms (conftest.py:43)
2025-07-08 12:13:51,485 - [INFO] - conftest - Logging in for test validation screen... (conftest.py:92)
2025-07-08 12:13:51,485 - [INFO] - core.pages.login.login_page - Navigating to login page: http://148.113.1.233/login (login_page.py:23)
2025-07-08 12:13:59,766 - [INFO] - core.base.base_page - Waiting for element to be visible: input[placeholder="Enter your organization name"] (base_page.py:78)
2025-07-08 12:13:59,793 - [INFO] - core.pages.login.login_page - Navigating to login page: http://148.113.1.233/login (login_page.py:23)
2025-07-08 12:14:01,496 - [INFO] - core.base.base_page - Waiting for element to be visible: input[placeholder="Enter your organization name"] (base_page.py:78)
2025-07-08 12:14:01,518 - [INFO] - core.base.base_page - Filling element 'input[placeholder="Enter your organization name"]' with value: 'KJBN7' (base_page.py:35)
2025-07-08 12:14:01,530 - [INFO] - core.base.base_page - Filling element 'input[placeholder="ex. email@domain.com"]' with value: 'rocewif537@iamtile.c...' (base_page.py:35)
2025-07-08 12:14:01,537 - [INFO] - core.base.base_page - Clicking element: button:has-text("Continue") (base_page.py:26)
2025-07-08 12:14:01,787 - [INFO] - core.pages.login.login_page - Entered Org: 'KJBN7', Email: 'rocewif537@iamtile.com' and clicked Continue. (login_page.py:32)
2025-07-08 12:14:02,600 - [INFO] - core.pages.login.login_page - Password input or error message became visible after first step. (login_page.py:39)
2025-07-08 12:14:02,600 - [INFO] - core.base.base_page - Waiting for element to be visible: input[placeholder="Password"] (base_page.py:78)
2025-07-08 12:14:02,612 - [INFO] - core.base.base_page - Waiting for element to be visible: input[placeholder="Password"] (base_page.py:78)
2025-07-08 12:14:02,616 - [INFO] - core.base.base_page - Filling element 'input[placeholder="Password"]' with value: '****' (base_page.py:35)
2025-07-08 12:14:02,626 - [INFO] - core.base.base_page - Clicking element: button:has-text("Continue") (base_page.py:26)
2025-07-08 12:14:03,898 - [INFO] - core.pages.login.login_page - Entered password and clicked Continue. (login_page.py:49)
2025-07-08 12:17:37,789 - [INFO] - conftest - Setting default page timeout to: 20000ms (conftest.py:43)
2025-07-08 12:17:37,789 - [INFO] - conftest - Logging in for test validation screen... (conftest.py:92)
2025-07-08 12:17:37,790 - [INFO] - core.pages.login.login_page - Navigating to login page: http://148.113.1.233/login (login_page.py:23)
2025-07-08 12:17:46,652 - [INFO] - core.base.base_page - Waiting for element to be visible: input[placeholder="Enter your organization name"] (base_page.py:78)
2025-07-08 12:17:46,678 - [INFO] - core.pages.login.login_page - Navigating to login page: http://148.113.1.233/login (login_page.py:23)
2025-07-08 12:17:47,745 - [INFO] - core.base.base_page - Waiting for element to be visible: input[placeholder="Enter your organization name"] (base_page.py:78)
2025-07-08 12:17:47,762 - [INFO] - core.base.base_page - Filling element 'input[placeholder="Enter your organization name"]' with value: 'KJBN7' (base_page.py:35)
2025-07-08 12:17:47,774 - [INFO] - core.base.base_page - Filling element 'input[placeholder="ex. email@domain.com"]' with value: 'rocewif537@iamtile.c...' (base_page.py:35)
2025-07-08 12:17:47,783 - [INFO] - core.base.base_page - Clicking element: button:has-text("Continue") (base_page.py:26)
2025-07-08 12:17:47,989 - [INFO] - core.pages.login.login_page - Entered Org: 'KJBN7', Email: 'rocewif537@iamtile.com' and clicked Continue. (login_page.py:32)
2025-07-08 12:17:48,073 - [INFO] - core.pages.login.login_page - Password input or error message became visible after first step. (login_page.py:39)
2025-07-08 12:17:48,074 - [INFO] - core.base.base_page - Waiting for element to be visible: input[placeholder="Password"] (base_page.py:78)
2025-07-08 12:17:48,078 - [INFO] - core.base.base_page - Waiting for element to be visible: input[placeholder="Password"] (base_page.py:78)
2025-07-08 12:17:48,081 - [INFO] - core.base.base_page - Filling element 'input[placeholder="Password"]' with value: '****' (base_page.py:35)
2025-07-08 12:17:48,084 - [INFO] - core.base.base_page - Clicking element: button:has-text("Continue") (base_page.py:26)
2025-07-08 12:17:49,075 - [INFO] - core.pages.login.login_page - Entered password and clicked Continue. (login_page.py:49)
2025-07-08 12:17:49,805 - [INFO] - conftest - Clicking Audit button to navigate to /audit/profile (conftest.py:110)
2025-07-08 12:17:52,773 - [INFO] - conftest - Successfully landed on audit profile screen. (conftest.py:115)
2025-07-08 12:19:23,155 - [INFO] - conftest - Setting default page timeout to: 20000ms (conftest.py:43)
2025-07-08 12:19:23,156 - [INFO] - conftest - Logging in for test validation screen... (conftest.py:92)
2025-07-08 12:19:23,157 - [INFO] - core.pages.login.login_page - Navigating to login page: http://148.113.1.233/login (login_page.py:23)
2025-07-08 12:19:25,054 - [INFO] - core.base.base_page - Waiting for element to be visible: input[placeholder="Enter your organization name"] (base_page.py:78)
2025-07-08 12:19:25,080 - [INFO] - core.pages.login.login_page - Navigating to login page: http://148.113.1.233/login (login_page.py:23)
2025-07-08 12:19:25,543 - [INFO] - core.base.base_page - Waiting for element to be visible: input[placeholder="Enter your organization name"] (base_page.py:78)
2025-07-08 12:19:25,565 - [INFO] - core.base.base_page - Filling element 'input[placeholder="Enter your organization name"]' with value: 'KJBN7' (base_page.py:35)
2025-07-08 12:19:25,576 - [INFO] - core.base.base_page - Filling element 'input[placeholder="ex. email@domain.com"]' with value: 'rocewif537@iamtile.c...' (base_page.py:35)
2025-07-08 12:19:25,583 - [INFO] - core.base.base_page - Clicking element: button:has-text("Continue") (base_page.py:26)
2025-07-08 12:19:25,756 - [INFO] - core.pages.login.login_page - Entered Org: 'KJBN7', Email: 'rocewif537@iamtile.com' and clicked Continue. (login_page.py:32)
2025-07-08 12:19:25,950 - [INFO] - core.pages.login.login_page - Password input or error message became visible after first step. (login_page.py:39)
2025-07-08 12:19:25,950 - [INFO] - core.base.base_page - Waiting for element to be visible: input[placeholder="Password"] (base_page.py:78)
2025-07-08 12:19:25,954 - [INFO] - core.base.base_page - Waiting for element to be visible: input[placeholder="Password"] (base_page.py:78)
2025-07-08 12:19:25,957 - [INFO] - core.base.base_page - Filling element 'input[placeholder="Password"]' with value: '****' (base_page.py:35)
2025-07-08 12:19:25,961 - [INFO] - core.base.base_page - Clicking element: button:has-text("Continue") (base_page.py:26)
2025-07-08 12:19:27,060 - [INFO] - core.pages.login.login_page - Entered password and clicked Continue. (login_page.py:49)
2025-07-08 12:19:27,613 - [INFO] - conftest - Clicking Audit button to navigate to /audit/profile (conftest.py:110)
2025-07-08 12:19:29,035 - [INFO] - conftest - Successfully landed on audit profile screen. (conftest.py:115)
2025-07-08 12:42:21,548 - [INFO] - conftest - Setting default page timeout to: 20000ms (conftest.py:43)
2025-07-08 12:42:21,549 - [INFO] - conftest - Logging in for test validation screen... (conftest.py:92)
2025-07-08 12:42:21,550 - [INFO] - core.pages.login.login_page - Navigating to login page: http://148.113.1.233/login (login_page.py:23)
2025-07-08 12:42:24,841 - [INFO] - core.base.base_page - Waiting for element to be visible: input[placeholder="Enter your organization name"] (base_page.py:78)
2025-07-08 12:42:24,867 - [INFO] - core.pages.login.login_page - Navigating to login page: http://148.113.1.233/login (login_page.py:23)
2025-07-08 12:42:26,327 - [INFO] - core.base.base_page - Waiting for element to be visible: input[placeholder="Enter your organization name"] (base_page.py:78)
2025-07-08 12:42:26,350 - [INFO] - core.base.base_page - Filling element 'input[placeholder="Enter your organization name"]' with value: 'KJBN7' (base_page.py:35)
2025-07-08 12:42:26,364 - [INFO] - core.base.base_page - Filling element 'input[placeholder="ex. email@domain.com"]' with value: 'rocewif537@iamtile.c...' (base_page.py:35)
2025-07-08 12:42:26,372 - [INFO] - core.base.base_page - Clicking element: button:has-text("Continue") (base_page.py:26)
2025-07-08 12:42:26,524 - [INFO] - core.pages.login.login_page - Entered Org: 'KJBN7', Email: 'rocewif537@iamtile.com' and clicked Continue. (login_page.py:32)
2025-07-08 12:42:33,530 - [WARNING] - core.pages.login.login_page - Neither password input nor error message appeared after first continue: Page.wait_for_selector: Timeout 7000ms exceeded.
Call log:
  - waiting for locator("input[placeholder=\"Password\"], p.bodySm:has-text(\"Failed to get authentication method. Please try again later.\")") to be visible
 (login_page.py:41)
2025-07-08 12:42:33,541 - [INFO] - core.base.base_page - Waiting for element to be visible: input[placeholder="Password"] (base_page.py:78)
2025-07-08 12:42:40,550 - [WARNING] - core.pages.login.login_page - Password input not visible, cannot proceed with entering password during full login flow. (login_page.py:59)
2025-07-08 12:49:23,564 - [INFO] - conftest - Setting default page timeout to: 20000ms (conftest.py:43)
2025-07-08 12:49:23,565 - [INFO] - conftest - Logging in for test validation screen... (conftest.py:92)
2025-07-08 12:49:23,565 - [INFO] - core.pages.login.login_page - Navigating to login page: http://148.113.1.233/login (login_page.py:23)
2025-07-08 12:49:29,702 - [INFO] - core.base.base_page - Waiting for element to be visible: input[placeholder="Enter your organization name"] (base_page.py:78)
2025-07-08 12:49:29,724 - [INFO] - core.pages.login.login_page - Navigating to login page: http://148.113.1.233/login (login_page.py:23)
2025-07-08 12:49:30,616 - [INFO] - core.base.base_page - Waiting for element to be visible: input[placeholder="Enter your organization name"] (base_page.py:78)
2025-07-08 12:49:30,639 - [INFO] - core.base.base_page - Filling element 'input[placeholder="Enter your organization name"]' with value: 'KJBN7' (base_page.py:35)
2025-07-08 12:49:30,653 - [INFO] - core.base.base_page - Filling element 'input[placeholder="ex. email@domain.com"]' with value: 'rocewif537@iamtile.c...' (base_page.py:35)
2025-07-08 12:49:30,661 - [INFO] - core.base.base_page - Clicking element: button:has-text("Continue") (base_page.py:26)
2025-07-08 12:49:30,896 - [INFO] - core.pages.login.login_page - Entered Org: 'KJBN7', Email: 'rocewif537@iamtile.com' and clicked Continue. (login_page.py:32)
2025-07-08 12:49:31,008 - [INFO] - core.pages.login.login_page - Password input or error message became visible after first step. (login_page.py:39)
2025-07-08 12:49:31,008 - [INFO] - core.base.base_page - Waiting for element to be visible: input[placeholder="Password"] (base_page.py:78)
2025-07-08 12:49:31,012 - [INFO] - core.base.base_page - Waiting for element to be visible: input[placeholder="Password"] (base_page.py:78)
2025-07-08 12:49:31,015 - [INFO] - core.base.base_page - Filling element 'input[placeholder="Password"]' with value: '****' (base_page.py:35)
2025-07-08 12:49:31,019 - [INFO] - core.base.base_page - Clicking element: button:has-text("Continue") (base_page.py:26)
2025-07-08 12:49:32,024 - [INFO] - core.pages.login.login_page - Entered password and clicked Continue. (login_page.py:49)
2025-07-08 12:49:32,559 - [INFO] - conftest - Clicking Audit button to navigate to /audit/profile (conftest.py:110)
2025-07-08 15:41:34,982 - [INFO] - conftest - Setting default page timeout to: 20000ms (conftest.py:43)
2025-07-08 15:41:34,984 - [INFO] - conftest - Logging in for test validation screen... (conftest.py:92)
2025-07-08 15:41:34,986 - [INFO] - core.pages.login.login_page - Navigating to login page: http://148.113.1.233/login (login_page.py:23)
2025-07-08 15:41:37,572 - [INFO] - core.base.base_page - Waiting for element to be visible: input[placeholder="Enter your organization name"] (base_page.py:78)
2025-07-08 15:41:37,596 - [INFO] - core.pages.login.login_page - Navigating to login page: http://148.113.1.233/login (login_page.py:23)
2025-07-08 15:41:39,522 - [INFO] - core.base.base_page - Waiting for element to be visible: input[placeholder="Enter your organization name"] (base_page.py:78)
2025-07-08 15:41:39,545 - [INFO] - core.base.base_page - Filling element 'input[placeholder="Enter your organization name"]' with value: 'KJBN7' (base_page.py:35)
2025-07-08 15:41:39,558 - [INFO] - core.base.base_page - Filling element 'input[placeholder="ex. email@domain.com"]' with value: 'rocewif537@iamtile.c...' (base_page.py:35)
2025-07-08 15:41:39,564 - [INFO] - core.base.base_page - Clicking element: button:has-text("Continue") (base_page.py:26)
2025-07-08 15:41:39,854 - [INFO] - core.pages.login.login_page - Entered Org: 'KJBN7', Email: 'rocewif537@iamtile.com' and clicked Continue. (login_page.py:32)
2025-07-08 15:41:40,164 - [INFO] - core.pages.login.login_page - Password input or error message became visible after first step. (login_page.py:39)
2025-07-08 15:41:40,165 - [INFO] - core.base.base_page - Waiting for element to be visible: input[placeholder="Password"] (base_page.py:78)
2025-07-08 15:41:40,171 - [INFO] - core.base.base_page - Waiting for element to be visible: input[placeholder="Password"] (base_page.py:78)
2025-07-08 15:41:40,173 - [INFO] - core.base.base_page - Filling element 'input[placeholder="Password"]' with value: '****' (base_page.py:35)
2025-07-08 15:41:40,178 - [INFO] - core.base.base_page - Clicking element: button:has-text("Continue") (base_page.py:26)
2025-07-08 15:41:41,351 - [INFO] - core.pages.login.login_page - Entered password and clicked Continue. (login_page.py:49)
2025-07-08 15:41:42,575 - [INFO] - conftest - Clicking Audit button to navigate to /audit/profile (conftest.py:110)
2025-07-08 15:41:45,016 - [INFO] - conftest - Successfully landed on audit profile screen. (conftest.py:115)
2025-07-08 15:43:02,357 - [INFO] - conftest - Setting default page timeout to: 20000ms (conftest.py:43)
2025-07-08 15:43:02,358 - [INFO] - conftest - Logging in for test validation screen... (conftest.py:92)
2025-07-08 15:43:02,358 - [INFO] - core.pages.login.login_page - Navigating to login page: http://148.113.1.233/login (login_page.py:23)
2025-07-08 15:43:09,501 - [INFO] - core.base.base_page - Waiting for element to be visible: input[placeholder="Enter your organization name"] (base_page.py:78)
2025-07-08 15:43:09,525 - [INFO] - core.pages.login.login_page - Navigating to login page: http://148.113.1.233/login (login_page.py:23)
2025-07-08 15:43:10,665 - [INFO] - core.base.base_page - Waiting for element to be visible: input[placeholder="Enter your organization name"] (base_page.py:78)
2025-07-08 15:43:10,684 - [INFO] - core.base.base_page - Filling element 'input[placeholder="Enter your organization name"]' with value: 'KJBN7' (base_page.py:35)
2025-07-08 15:43:10,697 - [INFO] - core.base.base_page - Filling element 'input[placeholder="ex. email@domain.com"]' with value: 'rocewif537@iamtile.c...' (base_page.py:35)
2025-07-08 15:43:10,705 - [INFO] - core.base.base_page - Clicking element: button:has-text("Continue") (base_page.py:26)
2025-07-08 15:43:10,901 - [INFO] - core.pages.login.login_page - Entered Org: 'KJBN7', Email: 'rocewif537@iamtile.com' and clicked Continue. (login_page.py:32)
2025-07-08 15:43:11,089 - [INFO] - core.pages.login.login_page - Password input or error message became visible after first step. (login_page.py:39)
2025-07-08 15:43:11,089 - [INFO] - core.base.base_page - Waiting for element to be visible: input[placeholder="Password"] (base_page.py:78)
2025-07-08 15:43:11,094 - [INFO] - core.base.base_page - Waiting for element to be visible: input[placeholder="Password"] (base_page.py:78)
2025-07-08 15:43:11,097 - [INFO] - core.base.base_page - Filling element 'input[placeholder="Password"]' with value: '****' (base_page.py:35)
2025-07-08 15:43:11,101 - [INFO] - core.base.base_page - Clicking element: button:has-text("Continue") (base_page.py:26)
2025-07-08 15:43:12,059 - [INFO] - core.pages.login.login_page - Entered password and clicked Continue. (login_page.py:49)
2025-07-08 15:43:13,364 - [INFO] - conftest - Clicking Audit button to navigate to /audit/profile (conftest.py:110)
2025-07-08 15:43:14,744 - [INFO] - conftest - Successfully landed on audit profile screen. (conftest.py:115)
2025-07-08 18:44:20,069 - [INFO] - conftest - Setting default page timeout to: 20000ms (conftest.py:43)
2025-07-08 18:44:20,072 - [INFO] - conftest - Logging in for test validation screen... (conftest.py:92)
2025-07-08 18:44:20,073 - [INFO] - core.pages.login.login_page - Navigating to login page: http://148.113.1.233/login (login_page.py:23)
2025-07-08 18:44:24,229 - [INFO] - core.base.base_page - Waiting for element to be visible: input[placeholder="Enter your organization name"] (base_page.py:78)
2025-07-08 18:44:24,255 - [INFO] - core.pages.login.login_page - Navigating to login page: http://148.113.1.233/login (login_page.py:23)
2025-07-08 18:44:24,972 - [INFO] - core.base.base_page - Waiting for element to be visible: input[placeholder="Enter your organization name"] (base_page.py:78)
2025-07-08 18:44:24,995 - [INFO] - core.base.base_page - Filling element 'input[placeholder="Enter your organization name"]' with value: 'KJBN7' (base_page.py:35)
2025-07-08 18:44:25,005 - [INFO] - core.base.base_page - Filling element 'input[placeholder="ex. email@domain.com"]' with value: 'rocewif537@iamtile.c...' (base_page.py:35)
2025-07-08 18:44:25,012 - [INFO] - core.base.base_page - Clicking element: button:has-text("Continue") (base_page.py:26)
2025-07-08 18:44:25,231 - [INFO] - core.pages.login.login_page - Entered Org: 'KJBN7', Email: 'rocewif537@iamtile.com' and clicked Continue. (login_page.py:32)
2025-07-08 18:44:25,421 - [INFO] - core.pages.login.login_page - Password input or error message became visible after first step. (login_page.py:39)
2025-07-08 18:44:25,421 - [INFO] - core.base.base_page - Waiting for element to be visible: input[placeholder="Password"] (base_page.py:78)
2025-07-08 18:44:25,427 - [INFO] - core.base.base_page - Waiting for element to be visible: input[placeholder="Password"] (base_page.py:78)
2025-07-08 18:44:25,430 - [INFO] - core.base.base_page - Filling element 'input[placeholder="Password"]' with value: '****' (base_page.py:35)
2025-07-08 18:44:25,435 - [INFO] - core.base.base_page - Clicking element: button:has-text("Continue") (base_page.py:26)
2025-07-08 18:44:26,553 - [INFO] - core.pages.login.login_page - Entered password and clicked Continue. (login_page.py:49)
2025-07-08 18:44:27,486 - [INFO] - conftest - Clicking Audit button to navigate to /audit/profile (conftest.py:110)
2025-07-08 18:44:28,409 - [INFO] - conftest - Successfully landed on audit profile screen. (conftest.py:115)
